<h1>Hello, World!</h1>

<div class="tile-wrapper">


<div class="card">
  <h2>This is a tile!</h2>
  <h3>Name: Hello from Square!</h3>
  <h3>Last Name: Default Last Name</h3>
</div>

</div>
