<h1>Hello, World!</h1>

<div class="partial-wrapper">


<div class="card">
  <h2>This is a pattern card!</h2>
  <h3>Name: Updated Name!</h3>
  <h3>Last Name: Default Last Name</h3>
</div>

</div>
