<h1>Hello, World!</h1>

<div class="partial-wrapper">


<div class="card">
  <h2>This is a call-partial card!</h2>
  <h3>Name: Updated Name!</h3>
  <h3>Last Name: Default Last Name</h3>
</div>

</div>

<div class="author-wrapper">


<div class="author">
  <h2>This is an author!</h2>
  <h3>Name: Rob</h3>
  <h3>Last Name: Loach</h3>
</div>

</div>

<div class="partial-wrapper">


<div class="card">
  <h2>This is a call-partial card!</h2>
  <h3>Name: Default Name</h3>
  <h3>Last Name: Default Last Name</h3>
</div>

</div>
